// Jest Snapshot v1, https://goo.gl/fbAQLP

exports[`axis should render x as expected 1`] = `
<svg>
  <g>
    <g
      class="axis x-axis"
      transform="translate(0,180)"
    >
      <g
        class="tick"
        style="opacity: 1;"
        transform="translate(0,0)"
      >
        <line
          x2="0"
          y2="6"
        />
        <text
          dy=".71em"
          style="text-anchor: middle;"
          x="0"
          y="9"
        >
          0
        </text>
      </g>
      <g
        class="tick"
        style="opacity: 1;"
        transform="translate(20,0)"
      >
        <line
          x2="0"
          y2="6"
        />
        <text
          dy=".71em"
          style="text-anchor: middle;"
          x="0"
          y="9"
        >
          10
        </text>
      </g>
      <g
        class="tick"
        style="opacity: 1;"
        transform="translate(40,0)"
      >
        <line
          x2="0"
          y2="6"
        />
        <text
          dy=".71em"
          style="text-anchor: middle;"
          x="0"
          y="9"
        >
          20
        </text>
      </g>
      <g
        class="tick"
        style="opacity: 1;"
        transform="translate(60,0)"
      >
        <line
          x2="0"
          y2="6"
        />
        <text
          dy=".71em"
          style="text-anchor: middle;"
          x="0"
          y="9"
        >
          30
        </text>
      </g>
      <g
        class="tick"
        style="opacity: 1;"
        transform="translate(80,0)"
      >
        <line
          x2="0"
          y2="6"
        />
        <text
          dy=".71em"
          style="text-anchor: middle;"
          x="0"
          y="9"
        >
          40
        </text>
      </g>
      <g
        class="tick"
        style="opacity: 1;"
        transform="translate(100,0)"
      >
        <line
          x2="0"
          y2="6"
        />
        <text
          dy=".71em"
          style="text-anchor: middle;"
          x="0"
          y="9"
        >
          50
        </text>
      </g>
      <g
        class="tick"
        style="opacity: 1;"
        transform="translate(120,0)"
      >
        <line
          x2="0"
          y2="6"
        />
        <text
          dy=".71em"
          style="text-anchor: middle;"
          x="0"
          y="9"
        >
          60
        </text>
      </g>
      <g
        class="tick"
        style="opacity: 1;"
        transform="translate(140,0)"
      >
        <line
          x2="0"
          y2="6"
        />
        <text
          dy=".71em"
          style="text-anchor: middle;"
          x="0"
          y="9"
        >
          70
        </text>
      </g>
      <g
        class="tick"
        style="opacity: 1;"
        transform="translate(160,0)"
      >
        <line
          x2="0"
          y2="6"
        />
        <text
          dy=".71em"
          style="text-anchor: middle;"
          x="0"
          y="9"
        >
          80
        </text>
      </g>
      <g
        class="tick"
        style="opacity: 1;"
        transform="translate(180,0)"
      >
        <line
          x2="0"
          y2="6"
        />
        <text
          dy=".71em"
          style="text-anchor: middle;"
          x="0"
          y="9"
        >
          90
        </text>
      </g>
      <g
        class="tick"
        style="opacity: 1;"
        transform="translate(200,0)"
      >
        <line
          x2="0"
          y2="6"
        />
        <text
          dy=".71em"
          style="text-anchor: middle;"
          x="0"
          y="9"
        >
          100
        </text>
      </g>
      <path
        class="domain"
        d="M0,6V0H200V6"
      />
    </g>
  </g>
  
</svg>
`;

exports[`axis should render y as expected 1`] = `
<svg>
  <g>
    <g
      class="axis y-axis"
    >
      <g
        class="tick"
        style="opacity: 1;"
        transform="translate(0,0)"
      >
        <line
          x2="-6"
          y2="0"
        />
        <text
          dy=".32em"
          style="text-anchor: end;"
          x="-9"
          y="0"
        >
          0
        </text>
      </g>
      <g
        class="tick"
        style="opacity: 1;"
        transform="translate(0,20)"
      >
        <line
          x2="-6"
          y2="0"
        />
        <text
          dy=".32em"
          style="text-anchor: end;"
          x="-9"
          y="0"
        >
          10
        </text>
      </g>
      <g
        class="tick"
        style="opacity: 1;"
        transform="translate(0,40)"
      >
        <line
          x2="-6"
          y2="0"
        />
        <text
          dy=".32em"
          style="text-anchor: end;"
          x="-9"
          y="0"
        >
          20
        </text>
      </g>
      <g
        class="tick"
        style="opacity: 1;"
        transform="translate(0,60)"
      >
        <line
          x2="-6"
          y2="0"
        />
        <text
          dy=".32em"
          style="text-anchor: end;"
          x="-9"
          y="0"
        >
          30
        </text>
      </g>
      <g
        class="tick"
        style="opacity: 1;"
        transform="translate(0,80)"
      >
        <line
          x2="-6"
          y2="0"
        />
        <text
          dy=".32em"
          style="text-anchor: end;"
          x="-9"
          y="0"
        >
          40
        </text>
      </g>
      <g
        class="tick"
        style="opacity: 1;"
        transform="translate(0,100)"
      >
        <line
          x2="-6"
          y2="0"
        />
        <text
          dy=".32em"
          style="text-anchor: end;"
          x="-9"
          y="0"
        >
          50
        </text>
      </g>
      <g
        class="tick"
        style="opacity: 1;"
        transform="translate(0,120)"
      >
        <line
          x2="-6"
          y2="0"
        />
        <text
          dy=".32em"
          style="text-anchor: end;"
          x="-9"
          y="0"
        >
          60
        </text>
      </g>
      <g
        class="tick"
        style="opacity: 1;"
        transform="translate(0,140)"
      >
        <line
          x2="-6"
          y2="0"
        />
        <text
          dy=".32em"
          style="text-anchor: end;"
          x="-9"
          y="0"
        >
          70
        </text>
      </g>
      <g
        class="tick"
        style="opacity: 1;"
        transform="translate(0,160)"
      >
        <line
          x2="-6"
          y2="0"
        />
        <text
          dy=".32em"
          style="text-anchor: end;"
          x="-9"
          y="0"
        >
          80
        </text>
      </g>
      <g
        class="tick"
        style="opacity: 1;"
        transform="translate(0,180)"
      >
        <line
          x2="-6"
          y2="0"
        />
        <text
          dy=".32em"
          style="text-anchor: end;"
          x="-9"
          y="0"
        >
          90
        </text>
      </g>
      <g
        class="tick"
        style="opacity: 1;"
        transform="translate(0,200)"
      >
        <line
          x2="-6"
          y2="0"
        />
        <text
          dy=".32em"
          style="text-anchor: end;"
          x="-9"
          y="0"
        >
          100
        </text>
      </g>
      <path
        class="domain"
        d="M-6,0H0V200H-6"
      />
    </g>
  </g>
  
</svg>
`;
