// Jest Snapshot v1, https://goo.gl/fbAQLP

exports[`Dropdown DOM Tests should respond to isOpen 1`] = `
<div>
  <div
    class="btn-group dropdown open"
  >
    <button />
    <ul />
  </div>
</div>
`;
