// Jest Snapshot v1, https://goo.gl/fbAQLP

exports[`select server profile select server profile step ctrl profile stream should display in the correct order 1`] = `
Array [
  Object {
    "hosts": Array [
      Object {
        "address": "lotus-34vm5.iml.intel.com",
        "invalid": false,
        "problems": Array [],
        "uiName": "Monitored Storage Server",
      },
      Object {
        "address": "lotus-34vm6.iml.intel.com",
        "invalid": false,
        "problems": Array [],
        "uiName": "Monitored Storage Server",
      },
    ],
    "invalid": false,
    "name": "base_monitored",
    "uiName": "Monitored Storage Server",
  },
  Object {
    "hosts": Array [
      Object {
        "address": "lotus-34vm5.iml.intel.com",
        "invalid": true,
        "problems": Array [
          Object {
            "description": "ZFS is installed but is unsupported by the Managed Storage Server profile",
            "error": "Result unavailable while host agent starts",
            "pass": false,
            "test": "zfs_installed == False",
          },
        ],
        "uiName": "Managed Storage Server",
      },
      Object {
        "address": "lotus-34vm6.iml.intel.com",
        "invalid": true,
        "problems": Array [
          Object {
            "description": "ZFS is installed but is unsupported by the Managed Storage Server profile",
            "error": "Result unavailable while host agent starts",
            "pass": false,
            "test": "zfs_installed == False",
          },
        ],
        "uiName": "Managed Storage Server",
      },
    ],
    "invalid": false,
    "name": "base_managed",
    "uiName": "Managed Storage Server",
  },
  Object {
    "hosts": Array [
      Object {
        "address": "lotus-34vm5.iml.intel.com",
        "invalid": true,
        "problems": Array [
          Object {
            "description": "The profile is designed for version 7 of EL",
            "error": "",
            "pass": false,
            "test": "distro_version < 8 and distro_version >= 7",
          },
        ],
        "uiName": "Managed Storage Server For EL7.2",
      },
      Object {
        "address": "lotus-34vm6.iml.intel.com",
        "invalid": true,
        "problems": Array [
          Object {
            "description": "The profile is designed for version 7 of EL",
            "error": "",
            "pass": false,
            "test": "distro_version < 8 and distro_version >= 7",
          },
        ],
        "uiName": "Managed Storage Server For EL7.2",
      },
    ],
    "invalid": false,
    "name": "base_managed_rh7",
    "uiName": "Managed Storage Server For EL7.2",
  },
  Object {
    "hosts": Array [
      Object {
        "address": "lotus-34vm5.iml.intel.com",
        "invalid": false,
        "problems": Array [],
        "uiName": "POSIX HSM Agent Node",
      },
      Object {
        "address": "lotus-34vm6.iml.intel.com",
        "invalid": false,
        "problems": Array [],
        "uiName": "POSIX HSM Agent Node",
      },
    ],
    "invalid": false,
    "name": "posix_copytool_worker",
    "uiName": "POSIX HSM Agent Node",
  },
  Object {
    "hosts": Array [
      Object {
        "address": "lotus-34vm5.iml.intel.com",
        "invalid": false,
        "problems": Array [],
        "uiName": "Robinhood Policy Engine Server",
      },
      Object {
        "address": "lotus-34vm6.iml.intel.com",
        "invalid": false,
        "problems": Array [],
        "uiName": "Robinhood Policy Engine Server",
      },
    ],
    "invalid": false,
    "name": "robinhood_server",
    "uiName": "Robinhood Policy Engine Server",
  },
]
`;

exports[`select server profile select server profile step ctrl profile stream with invalid profiles should display in the correct order 1`] = `
Array [
  Object {
    "hosts": Array [
      Object {
        "address": "lotus-34vm5.iml.intel.com",
        "invalid": false,
        "problems": Array [],
        "uiName": "Monitored Storage Server",
      },
      Object {
        "address": "lotus-34vm6.iml.intel.com",
        "invalid": false,
        "problems": Array [],
        "uiName": "Monitored Storage Server",
      },
    ],
    "invalid": false,
    "name": "base_monitored",
    "uiName": "Monitored Storage Server",
  },
  Object {
    "hosts": Array [
      Object {
        "address": "lotus-34vm5.iml.intel.com",
        "invalid": false,
        "problems": Array [],
        "uiName": "POSIX HSM Agent Node",
      },
      Object {
        "address": "lotus-34vm6.iml.intel.com",
        "invalid": false,
        "problems": Array [],
        "uiName": "POSIX HSM Agent Node",
      },
    ],
    "invalid": false,
    "name": "posix_copytool_worker",
    "uiName": "POSIX HSM Agent Node",
  },
  Object {
    "hosts": Array [
      Object {
        "address": "lotus-34vm5.iml.intel.com",
        "invalid": false,
        "problems": Array [],
        "uiName": "Robinhood Policy Engine Server",
      },
      Object {
        "address": "lotus-34vm6.iml.intel.com",
        "invalid": false,
        "problems": Array [],
        "uiName": "Robinhood Policy Engine Server",
      },
    ],
    "invalid": false,
    "name": "robinhood_server",
    "uiName": "Robinhood Policy Engine Server",
  },
  Object {
    "hosts": Array [
      Object {
        "address": "lotus-34vm5.iml.intel.com",
        "invalid": true,
        "problems": Array [
          Object {
            "description": "ZFS is installed but is unsupported by the Managed Storage Server profile",
            "error": "Result unavailable while host agent starts",
            "pass": false,
            "test": "zfs_installed == False",
          },
        ],
        "uiName": "Managed Storage Server",
      },
      Object {
        "address": "lotus-34vm6.iml.intel.com",
        "invalid": true,
        "problems": Array [
          Object {
            "description": "ZFS is installed but is unsupported by the Managed Storage Server profile",
            "error": "Result unavailable while host agent starts",
            "pass": false,
            "test": "zfs_installed == False",
          },
        ],
        "uiName": "Managed Storage Server",
      },
    ],
    "invalid": true,
    "name": "base_managed",
    "uiName": "Managed Storage Server",
  },
  Object {
    "hosts": Array [
      Object {
        "address": "lotus-34vm5.iml.intel.com",
        "invalid": true,
        "problems": Array [
          Object {
            "description": "The profile is designed for version 7 of EL",
            "error": "",
            "pass": false,
            "test": "distro_version < 8 and distro_version >= 7",
          },
        ],
        "uiName": "Managed Storage Server For EL7.2",
      },
      Object {
        "address": "lotus-34vm6.iml.intel.com",
        "invalid": true,
        "problems": Array [
          Object {
            "description": "The profile is designed for version 7 of EL",
            "error": "",
            "pass": false,
            "test": "distro_version < 8 and distro_version >= 7",
          },
        ],
        "uiName": "Managed Storage Server For EL7.2",
      },
    ],
    "invalid": true,
    "name": "base_managed_rh7",
    "uiName": "Managed Storage Server For EL7.2",
  },
]
`;
