// Jest Snapshot v1, https://goo.gl/fbAQLP

exports[`storage component should render the storage basic html 1`] = `<div />`;
