// Jest Snapshot v1, https://goo.gl/fbAQLP

exports[`ResourceTable DOM tests should render without data 1`] = `
<div>
  <div
    class="well text-center resource-table-no-records"
  >
    <h1>
      No records found
    </h1>
  </div>
</div>
`;

exports[`ResourceTable DOM tests with data should render with data 1`] = `
<div>
  <div
    class="resource-table"
  >
    <div
      style="margin-bottom: 25px;"
    >
      <div
        class="btn-group dropdown "
      >
        <button
          class="btn btn-info btn-sm dropdown-toggle"
          type="button"
          aria-haspopup="true"
          aria-expanded="false"
        >
          Entries: 
          10
          <span
            class="caret"
          />
        </button>
        <ul
          class="dropdown-menu"
          role="menu"
        >
          <li>
            <a>
              10
            </a>
          </li>
          <li>
            <a>
              25
            </a>
          </li>
          <li>
            <a>
              50
            </a>
          </li>
          <li>
            <a>
              100
            </a>
          </li>
        </ul>
      </div>
    </div>
    <table
      class="table"
    >
      <tr>
        <th>
          Name
        </th>
        <th>
          Alerts
        </th>
        <th>
          <a>
            Host id
            <i
              class="fa "
            />
          </a>
        </th>
        <th>
          <a>
            Name
            <i
              class="fa "
            />
          </a>
        </th>
        <th>
          <a>
            Inet4 address
            <i
              class="fa "
            />
          </a>
        </th>
        <th>
          <a>
            Inet4 prefix
            <i
              class="fa "
            />
          </a>
        </th>
        <th>
          <a>
            Type
            <i
              class="fa "
            />
          </a>
        </th>
        <th>
          <a>
            Up
            <i
              class="fa "
            />
          </a>
        </th>
      </tr>
      <tbody>
        <tr>
          <td>
            <a
              href="about:blankconfigure/storage/2"
            >
              HostNetworkInterface (10, u'enp0s10')
            </a>
          </td>
          <td>
            <span
              class="record-state"
            >
              <span
                style="position: relative;"
              >
                <span
                  class="icon-wrap tooltip-container tooltip-hover"
                  popoverbutton="true"
                >
                  <i
                    class="fa activate-popover fa-check-circle"
                  />
                  <div
                    class="tooltip inferno-tt top small "
                  >
                    <div
                      class="tooltip-arrow"
                    />
                    <div
                      class="tooltip-inner"
                    >
                      <span>
                        No Issues
                      </span>
                    </div>
                  </div>
                </span>
              </span>
              <span
                class="state-label"
                style="padding-left: 10px;"
              >
                No Issues
              </span>
            </span>
          </td>
          <td>
            <span>
              10
            </span>
          </td>
          <td>
            <span>
              enp0s10
            </span>
          </td>
          <td>
            <a
              href="about:blankconfigure/storage/1"
            >
              <p>
                10.128.0.12
              </p>
            </a>
          </td>
          <td>
            <span>
              24
            </span>
          </td>
          <td>
            <span>
              tcp
            </span>
          </td>
          <td>
            <span>
              True
            </span>
          </td>
        </tr>
        <tr>
          <td>
            <a
              href="about:blankconfigure/storage/3"
            >
              HostNetworkInterface (10, u'enp0s3')
            </a>
          </td>
          <td>
            <span
              class="record-state"
            >
              <span
                style="position: relative;"
              >
                <span
                  class="icon-wrap tooltip-container tooltip-hover"
                  popoverbutton="true"
                >
                  <i
                    class="fa activate-popover fa-check-circle"
                  />
                  <div
                    class="tooltip inferno-tt top small "
                  >
                    <div
                      class="tooltip-arrow"
                    />
                    <div
                      class="tooltip-inner"
                    >
                      <span>
                        No Issues
                      </span>
                    </div>
                  </div>
                </span>
              </span>
              <span
                class="state-label"
                style="padding-left: 10px;"
              >
                No Issues
              </span>
            </span>
          </td>
          <td>
            <span>
              10
            </span>
          </td>
          <td>
            <span>
              enp0s3
            </span>
          </td>
          <td>
            <span>
              10.0.2.15
            </span>
          </td>
          <td>
            <span>
              24
            </span>
          </td>
          <td>
            <span>
              tcp
            </span>
          </td>
          <td>
            <span>
              True
            </span>
          </td>
        </tr>
      </tbody>
    </table>
    <div
      class="text-center"
    >
      <ul
        class="pagination"
      >
        <li
          class="pagination-prev disabled"
        >
          <a>
            ‹
          </a>
        </li>
        <li
          class="pagination-page active"
        >
          <a>
            1
          </a>
        </li>
        <li
          class="pagination-page "
        >
          <a>
            2
          </a>
        </li>
        <li
          class="pagination-next "
        >
          <a>
            ›
          </a>
        </li>
      </ul>
    </div>
    <div
      class="text-center"
      style="color: rgb(153, 153, 153);"
    >
      <span>
        showing 
        1
        -
        10
        of 
        16
      </span>
    </div>
  </div>
</div>
`;
